Component: Arm Compiler for Embedded 6.24 Tool: armlink [5f371500]

==============================================================================

Section Cross References

    blinky.o(.text.main) refers to led.o(.text.LED_Init) for LED_Init
    blinky.o(.text.main) refers to kbd.o(.text.KBD_Init) for KBD_Init
    blinky.o(.text.main) refers to glcd_spi_lpc1700.o(.text.GLCD_Init) for GLCD_Init
    blinky.o(.text.main) refers to glcd_spi_lpc1700.o(.text.GLCD_Clear) for GLCD_Clear
    blinky.o(.text.main) refers to glcd_spi_lpc1700.o(.text.GLCD_SetBackColor) for GLCD_SetBackColor
    blinky.o(.text.main) refers to glcd_spi_lpc1700.o(.text.GLCD_SetTextColor) for GLCD_SetTextColor
    blinky.o(.text.main) refers to glcd_spi_lpc1700.o(.text.GLCD_DisplayString) for GLCD_DisplayString
    blinky.o(.text.main) refers to led.o(.text.LED_Out) for LED_Out
    blinky.o(.text.main) refers to blinky.o(.rodata.str1.1) for .L.str.6
    blinky.o(.text.main) refers to kbd.o(.text.get_button) for get_button
    blinky.o(.ARM.exidx.text.main) refers to blinky.o(.text.main) for [Anonymous Symbol]
    glcd_spi_lpc1700.o(.text.GLCD_Init) refers to glcd_spi_lpc1700.o(.bss.Himax) for Himax
    glcd_spi_lpc1700.o(.ARM.exidx.text.GLCD_Init) refers to glcd_spi_lpc1700.o(.text.GLCD_Init) for [Anonymous Symbol]
    glcd_spi_lpc1700.o(.text.GLCD_SetWindow) refers to glcd_spi_lpc1700.o(.bss.Himax) for Himax
    glcd_spi_lpc1700.o(.ARM.exidx.text.GLCD_SetWindow) refers to glcd_spi_lpc1700.o(.text.GLCD_SetWindow) for [Anonymous Symbol]
    glcd_spi_lpc1700.o(.text.GLCD_WindowMax) refers to glcd_spi_lpc1700.o(.text.GLCD_SetWindow) for GLCD_SetWindow
    glcd_spi_lpc1700.o(.ARM.exidx.text.GLCD_WindowMax) refers to glcd_spi_lpc1700.o(.text.GLCD_WindowMax) for [Anonymous Symbol]
    glcd_spi_lpc1700.o(.text.GLCD_PutPixel) refers to glcd_spi_lpc1700.o(.bss.Himax) for Himax
    glcd_spi_lpc1700.o(.text.GLCD_PutPixel) refers to glcd_spi_lpc1700.o(.data.Color) for Color
    glcd_spi_lpc1700.o(.ARM.exidx.text.GLCD_PutPixel) refers to glcd_spi_lpc1700.o(.text.GLCD_PutPixel) for [Anonymous Symbol]
    glcd_spi_lpc1700.o(.text.GLCD_SetTextColor) refers to glcd_spi_lpc1700.o(.data.Color) for Color
    glcd_spi_lpc1700.o(.ARM.exidx.text.GLCD_SetTextColor) refers to glcd_spi_lpc1700.o(.text.GLCD_SetTextColor) for [Anonymous Symbol]
    glcd_spi_lpc1700.o(.text.GLCD_SetBackColor) refers to glcd_spi_lpc1700.o(.data.Color) for Color
    glcd_spi_lpc1700.o(.ARM.exidx.text.GLCD_SetBackColor) refers to glcd_spi_lpc1700.o(.text.GLCD_SetBackColor) for [Anonymous Symbol]
    glcd_spi_lpc1700.o(.text.GLCD_Clear) refers to glcd_spi_lpc1700.o(.text.GLCD_SetWindow) for GLCD_SetWindow
    glcd_spi_lpc1700.o(.ARM.exidx.text.GLCD_Clear) refers to glcd_spi_lpc1700.o(.text.GLCD_Clear) for [Anonymous Symbol]
    glcd_spi_lpc1700.o(.text.GLCD_DrawChar) refers to glcd_spi_lpc1700.o(.text.GLCD_SetWindow) for GLCD_SetWindow
    glcd_spi_lpc1700.o(.text.GLCD_DrawChar) refers to glcd_spi_lpc1700.o(.data.Color) for Color
    glcd_spi_lpc1700.o(.ARM.exidx.text.GLCD_DrawChar) refers to glcd_spi_lpc1700.o(.text.GLCD_DrawChar) for [Anonymous Symbol]
    glcd_spi_lpc1700.o(.text.GLCD_DisplayChar) refers to glcd_spi_lpc1700.o(.rodata.Font_6x8_h) for Font_6x8_h
    glcd_spi_lpc1700.o(.text.GLCD_DisplayChar) refers to glcd_spi_lpc1700.o(.rodata.Font_16x24_h) for Font_16x24_h
    glcd_spi_lpc1700.o(.text.GLCD_DisplayChar) refers to glcd_spi_lpc1700.o(.text.GLCD_DrawChar) for GLCD_DrawChar
    glcd_spi_lpc1700.o(.ARM.exidx.text.GLCD_DisplayChar) refers to glcd_spi_lpc1700.o(.text.GLCD_DisplayChar) for [Anonymous Symbol]
    glcd_spi_lpc1700.o(.text.GLCD_DisplayString) refers to glcd_spi_lpc1700.o(.rodata.Font_6x8_h) for Font_6x8_h
    glcd_spi_lpc1700.o(.text.GLCD_DisplayString) refers to glcd_spi_lpc1700.o(.rodata.Font_16x24_h) for Font_16x24_h
    glcd_spi_lpc1700.o(.text.GLCD_DisplayString) refers to glcd_spi_lpc1700.o(.text.GLCD_DrawChar) for GLCD_DrawChar
    glcd_spi_lpc1700.o(.ARM.exidx.text.GLCD_DisplayString) refers to glcd_spi_lpc1700.o(.text.GLCD_DisplayString) for [Anonymous Symbol]
    glcd_spi_lpc1700.o(.text.GLCD_ClearLn) refers to glcd_spi_lpc1700.o(.text.GLCD_SetWindow) for GLCD_SetWindow
    glcd_spi_lpc1700.o(.text.GLCD_ClearLn) refers to memseta.o(.text) for __aeabi_memset4
    glcd_spi_lpc1700.o(.text.GLCD_ClearLn) refers to glcd_spi_lpc1700.o(.rodata.Font_6x8_h) for Font_6x8_h
    glcd_spi_lpc1700.o(.text.GLCD_ClearLn) refers to glcd_spi_lpc1700.o(.rodata.Font_16x24_h) for Font_16x24_h
    glcd_spi_lpc1700.o(.text.GLCD_ClearLn) refers to glcd_spi_lpc1700.o(.text.GLCD_DrawChar) for GLCD_DrawChar
    glcd_spi_lpc1700.o(.ARM.exidx.text.GLCD_ClearLn) refers to glcd_spi_lpc1700.o(.text.GLCD_ClearLn) for [Anonymous Symbol]
    glcd_spi_lpc1700.o(.text.GLCD_Bargraph) refers to glcd_spi_lpc1700.o(.text.GLCD_SetWindow) for GLCD_SetWindow
    glcd_spi_lpc1700.o(.text.GLCD_Bargraph) refers to glcd_spi_lpc1700.o(.data.Color) for Color
    glcd_spi_lpc1700.o(.ARM.exidx.text.GLCD_Bargraph) refers to glcd_spi_lpc1700.o(.text.GLCD_Bargraph) for [Anonymous Symbol]
    glcd_spi_lpc1700.o(.text.GLCD_Bitmap) refers to glcd_spi_lpc1700.o(.text.GLCD_SetWindow) for GLCD_SetWindow
    glcd_spi_lpc1700.o(.ARM.exidx.text.GLCD_Bitmap) refers to glcd_spi_lpc1700.o(.text.GLCD_Bitmap) for [Anonymous Symbol]
    glcd_spi_lpc1700.o(.ARM.exidx.text.GLCD_ScrollVertical) refers to glcd_spi_lpc1700.o(.text.GLCD_ScrollVertical) for [Anonymous Symbol]
    glcd_spi_lpc1700.o(.ARM.exidx.text.GLCD_WrCmd) refers to glcd_spi_lpc1700.o(.text.GLCD_WrCmd) for [Anonymous Symbol]
    glcd_spi_lpc1700.o(.ARM.exidx.text.GLCD_WrReg) refers to glcd_spi_lpc1700.o(.text.GLCD_WrReg) for [Anonymous Symbol]
    irq.o(.ARM.exidx.text.SysTick_Handler) refers to irq.o(.text.SysTick_Handler) for [Anonymous Symbol]
    led.o(.ARM.exidx.text.LED_Init) refers to led.o(.text.LED_Init) for [Anonymous Symbol]
    led.o(.text.LED_On) refers to led.o(.rodata.led_mask) for led_mask
    led.o(.ARM.exidx.text.LED_On) refers to led.o(.text.LED_On) for [Anonymous Symbol]
    led.o(.text.LED_Off) refers to led.o(.rodata.led_mask) for led_mask
    led.o(.ARM.exidx.text.LED_Off) refers to led.o(.text.LED_Off) for [Anonymous Symbol]
    led.o(.text.LED_Out) refers to led.o(.rodata.led_mask) for led_mask
    led.o(.ARM.exidx.text.LED_Out) refers to led.o(.text.LED_Out) for [Anonymous Symbol]
    kbd.o(.ARM.exidx.text.KBD_Init) refers to kbd.o(.text.KBD_Init) for [Anonymous Symbol]
    kbd.o(.ARM.exidx.text.KBD_get) refers to kbd.o(.text.KBD_get) for [Anonymous Symbol]
    kbd.o(.ARM.exidx.text.get_button) refers to kbd.o(.text.get_button) for [Anonymous Symbol]
    retarget_io.o(.ARM.exidx.text.ITM_SendChar) refers to retarget_io.o(.text.ITM_SendChar) for [Anonymous Symbol]
    retarget_io.o(.text.ITM_ReceiveChar) refers to retarget_io.o(.data.ITM_RxBuffer) for ITM_RxBuffer
    retarget_io.o(.ARM.exidx.text.ITM_ReceiveChar) refers to retarget_io.o(.text.ITM_ReceiveChar) for [Anonymous Symbol]
    retarget_io.o(.text.fputc) refers to stdout.o(.data) for __stdout
    retarget_io.o(.ARM.exidx.text.fputc) refers to retarget_io.o(.text.fputc) for [Anonymous Symbol]
    retarget_io.o(.ARM.exidx.text.fgetc) refers to retarget_io.o(.text.fgetc) for [Anonymous Symbol]
    retarget_io.o(.ARM.exidx.text.__backspace) refers to retarget_io.o(.text.__backspace) for [Anonymous Symbol]
    retarget_io.o(.text.__aeabi_assert) refers to stderr.o(.data) for __stderr
    retarget_io.o(.text.__aeabi_assert) refers to fwrite.o(i.fwrite) for fwrite
    retarget_io.o(.text.__aeabi_assert) refers to fputs.o(i.fputs) for fputs
    retarget_io.o(.text.__aeabi_assert) refers to retarget_io.o(.text.abort) for abort
    retarget_io.o(.ARM.exidx.text.__aeabi_assert) refers to retarget_io.o(.text.__aeabi_assert) for [Anonymous Symbol]
    retarget_io.o(.ARM.exidx.text.abort) refers to retarget_io.o(.text.abort) for [Anonymous Symbol]
    pin_lpc17xx.o(.ARM.exidx.text.PIN_Configure) refers to pin_lpc17xx.o(.text.PIN_Configure) for [Anonymous Symbol]
    pin_lpc17xx.o(.ARM.exidx.text.PIN_ConfigureTPIU) refers to pin_lpc17xx.o(.text.PIN_ConfigureTPIU) for [Anonymous Symbol]
    pin_lpc17xx.o(.ARM.exidx.text.PIN_ConfigureI2C0Pins) refers to pin_lpc17xx.o(.text.PIN_ConfigureI2C0Pins) for [Anonymous Symbol]
    startup_lpc17xx.o(RESET) refers to startup_lpc17xx.o(STACK) for __initial_sp
    startup_lpc17xx.o(RESET) refers to startup_lpc17xx.o(.text) for Reset_Handler
    startup_lpc17xx.o(RESET) refers to irq.o(.text.SysTick_Handler) for SysTick_Handler
    startup_lpc17xx.o(.text) refers to system_lpc17xx.o(.text.SystemInit) for SystemInit
    startup_lpc17xx.o(.text) refers to entry.o(.ARM.Collect$$$$00000000) for __main
    system_lpc17xx.o(.text.SystemCoreClockUpdate) refers to uldiv.o(.text) for __aeabi_uldivmod
    system_lpc17xx.o(.text.SystemCoreClockUpdate) refers to system_lpc17xx.o(.data.SystemCoreClock) for SystemCoreClock
    system_lpc17xx.o(.ARM.exidx.text.SystemCoreClockUpdate) refers to system_lpc17xx.o(.text.SystemCoreClockUpdate) for [Anonymous Symbol]
    system_lpc17xx.o(.ARM.exidx.text.SystemInit) refers to system_lpc17xx.o(.text.SystemInit) for [Anonymous Symbol]
    entry.o(.ARM.Collect$$$$00000000) refers (Special) to entry10a.o(.ARM.Collect$$$$0000000D) for __rt_final_cpp
    entry.o(.ARM.Collect$$$$00000000) refers (Special) to entry11a.o(.ARM.Collect$$$$0000000F) for __rt_final_exit
    entry.o(.ARM.Collect$$$$00000000) refers (Special) to entry7b.o(.ARM.Collect$$$$00000008) for _main_clock
    entry.o(.ARM.Collect$$$$00000000) refers (Special) to entry8b.o(.ARM.Collect$$$$0000000A) for _main_cpp_init
    entry.o(.ARM.Collect$$$$00000000) refers (Special) to entry9a.o(.ARM.Collect$$$$0000000B) for _main_init
    entry.o(.ARM.Collect$$$$00000000) refers (Special) to entry5.o(.ARM.Collect$$$$00000004) for _main_scatterload
    entry.o(.ARM.Collect$$$$00000000) refers (Special) to entry2.o(.ARM.Collect$$$$00000001) for _main_stk
    fputs.o(i.fputs) refers to retarget_io.o(.text.fputc) for fputc
    fwrite.o(i.fwrite) refers to retarget_io.o(.text.fputc) for fputc
    fputs_e.o(.text) refers to retarget_io.o(.text.fputc) for fputc
    fwrite_e.o(.text) refers to retarget_io.o(.text.fputc) for fputc
    uldiv.o(.text) refers to llushr.o(.text) for __aeabi_llsr
    uldiv.o(.text) refers to llshl.o(.text) for __aeabi_llsl
    entry2.o(.ARM.Collect$$$$00000001) refers to entry2.o(.ARM.Collect$$$$00002712) for __lit__00000000
    entry2.o(.ARM.Collect$$$$00002712) refers to startup_lpc17xx.o(STACK) for __initial_sp
    entry2.o(__vectab_stack_and_reset_area) refers to startup_lpc17xx.o(STACK) for __initial_sp
    entry2.o(__vectab_stack_and_reset_area) refers to entry.o(.ARM.Collect$$$$00000000) for __main
    entry5.o(.ARM.Collect$$$$00000004) refers to init.o(.text) for __scatterload
    entry9a.o(.ARM.Collect$$$$0000000B) refers to blinky.o(.text.main) for main
    entry9b.o(.ARM.Collect$$$$0000000C) refers to blinky.o(.text.main) for main
    init.o(.text) refers to entry5.o(.ARM.Collect$$$$00000004) for __main_after_scatterload


==============================================================================

Removing Unused input sections from the image.

    Removing blinky.o(.text), (0 bytes).
    Removing blinky.o(.ARM.exidx.text.main), (8 bytes).
    Removing blinky.o(.ARM.use_no_argv), (4 bytes).
    Removing glcd_spi_lpc1700.o(.text), (0 bytes).
    Removing glcd_spi_lpc1700.o(.ARM.exidx.text.GLCD_Init), (8 bytes).
    Removing glcd_spi_lpc1700.o(.ARM.exidx.text.GLCD_SetWindow), (8 bytes).
    Removing glcd_spi_lpc1700.o(.text.GLCD_WindowMax), (14 bytes).
    Removing glcd_spi_lpc1700.o(.ARM.exidx.text.GLCD_WindowMax), (8 bytes).
    Removing glcd_spi_lpc1700.o(.text.GLCD_PutPixel), (1022 bytes).
    Removing glcd_spi_lpc1700.o(.ARM.exidx.text.GLCD_PutPixel), (8 bytes).
    Removing glcd_spi_lpc1700.o(.ARM.exidx.text.GLCD_SetTextColor), (8 bytes).
    Removing glcd_spi_lpc1700.o(.ARM.exidx.text.GLCD_SetBackColor), (8 bytes).
    Removing glcd_spi_lpc1700.o(.ARM.exidx.text.GLCD_Clear), (8 bytes).
    Removing glcd_spi_lpc1700.o(.ARM.exidx.text.GLCD_DrawChar), (8 bytes).
    Removing glcd_spi_lpc1700.o(.text.GLCD_DisplayChar), (88 bytes).
    Removing glcd_spi_lpc1700.o(.ARM.exidx.text.GLCD_DisplayChar), (8 bytes).
    Removing glcd_spi_lpc1700.o(.ARM.exidx.text.GLCD_DisplayString), (8 bytes).
    Removing glcd_spi_lpc1700.o(.text.GLCD_ClearLn), (194 bytes).
    Removing glcd_spi_lpc1700.o(.ARM.exidx.text.GLCD_ClearLn), (8 bytes).
    Removing glcd_spi_lpc1700.o(.text.GLCD_Bargraph), (216 bytes).
    Removing glcd_spi_lpc1700.o(.ARM.exidx.text.GLCD_Bargraph), (8 bytes).
    Removing glcd_spi_lpc1700.o(.text.GLCD_Bitmap), (172 bytes).
    Removing glcd_spi_lpc1700.o(.ARM.exidx.text.GLCD_Bitmap), (8 bytes).
    Removing glcd_spi_lpc1700.o(.text.GLCD_ScrollVertical), (2 bytes).
    Removing glcd_spi_lpc1700.o(.ARM.exidx.text.GLCD_ScrollVertical), (8 bytes).
    Removing glcd_spi_lpc1700.o(.text.GLCD_WrCmd), (62 bytes).
    Removing glcd_spi_lpc1700.o(.ARM.exidx.text.GLCD_WrCmd), (8 bytes).
    Removing glcd_spi_lpc1700.o(.text.GLCD_WrReg), (112 bytes).
    Removing glcd_spi_lpc1700.o(.ARM.exidx.text.GLCD_WrReg), (8 bytes).
    Removing irq.o(.text), (0 bytes).
    Removing irq.o(.ARM.exidx.text.SysTick_Handler), (8 bytes).
    Removing led.o(.text), (0 bytes).
    Removing led.o(.ARM.exidx.text.LED_Init), (8 bytes).
    Removing led.o(.text.LED_On), (42 bytes).
    Removing led.o(.ARM.exidx.text.LED_On), (8 bytes).
    Removing led.o(.text.LED_Off), (42 bytes).
    Removing led.o(.ARM.exidx.text.LED_Off), (8 bytes).
    Removing led.o(.ARM.exidx.text.LED_Out), (8 bytes).
    Removing kbd.o(.text), (0 bytes).
    Removing kbd.o(.ARM.exidx.text.KBD_Init), (8 bytes).
    Removing kbd.o(.text.KBD_get), (18 bytes).
    Removing kbd.o(.ARM.exidx.text.KBD_get), (8 bytes).
    Removing kbd.o(.ARM.exidx.text.get_button), (8 bytes).
    Removing kbd.o(.bss.KBD_val), (4 bytes).
    Removing retarget_io.o(.text), (0 bytes).
    Removing retarget_io.o(.text.ITM_SendChar), (46 bytes).
    Removing retarget_io.o(.ARM.exidx.text.ITM_SendChar), (8 bytes).
    Removing retarget_io.o(.text.ITM_ReceiveChar), (32 bytes).
    Removing retarget_io.o(.ARM.exidx.text.ITM_ReceiveChar), (8 bytes).
    Removing retarget_io.o(.text.fputc), (62 bytes).
    Removing retarget_io.o(.ARM.exidx.text.fputc), (8 bytes).
    Removing retarget_io.o(.text.fgetc), (6 bytes).
    Removing retarget_io.o(.ARM.exidx.text.fgetc), (8 bytes).
    Removing retarget_io.o(.text.__backspace), (6 bytes).
    Removing retarget_io.o(.ARM.exidx.text.__backspace), (8 bytes).
    Removing retarget_io.o(.text.__aeabi_assert), (176 bytes).
    Removing retarget_io.o(.ARM.exidx.text.__aeabi_assert), (8 bytes).
    Removing retarget_io.o(.text.abort), (2 bytes).
    Removing retarget_io.o(.ARM.exidx.text.abort), (8 bytes).
    Removing retarget_io.o(.data.ITM_RxBuffer), (4 bytes).
    Removing pin_lpc17xx.o(.text), (0 bytes).
    Removing pin_lpc17xx.o(.text.PIN_Configure), (116 bytes).
    Removing pin_lpc17xx.o(.ARM.exidx.text.PIN_Configure), (8 bytes).
    Removing pin_lpc17xx.o(.text.PIN_ConfigureTPIU), (24 bytes).
    Removing pin_lpc17xx.o(.ARM.exidx.text.PIN_ConfigureTPIU), (8 bytes).
    Removing pin_lpc17xx.o(.text.PIN_ConfigureI2C0Pins), (30 bytes).
    Removing pin_lpc17xx.o(.ARM.exidx.text.PIN_ConfigureI2C0Pins), (8 bytes).
    Removing startup_lpc17xx.o(HEAP), (0 bytes).
    Removing system_lpc17xx.o(.text), (0 bytes).
    Removing system_lpc17xx.o(.text.SystemCoreClockUpdate), (210 bytes).
    Removing system_lpc17xx.o(.ARM.exidx.text.SystemCoreClockUpdate), (8 bytes).
    Removing system_lpc17xx.o(.ARM.exidx.text.SystemInit), (8 bytes).
    Removing system_lpc17xx.o(.data.SystemCoreClock), (4 bytes).

73 unused section(s) (total 3006 bytes) removed from the image.

==============================================================================

Image Symbol Table

    Local Symbols

    Symbol Name                              Value     Ov Type        Size  Object(Section)

    ../clib/microlib/division.c              0x00000000   Number         0  uldiv.o ABSOLUTE
    ../clib/microlib/init/entry.s            0x00000000   Number         0  entry.o ABSOLUTE
    ../clib/microlib/init/entry.s            0x00000000   Number         0  entry2.o ABSOLUTE
    ../clib/microlib/init/entry.s            0x00000000   Number         0  entry5.o ABSOLUTE
    ../clib/microlib/init/entry.s            0x00000000   Number         0  entry7a.o ABSOLUTE
    ../clib/microlib/init/entry.s            0x00000000   Number         0  entry7b.o ABSOLUTE
    ../clib/microlib/init/entry.s            0x00000000   Number         0  entry8a.o ABSOLUTE
    ../clib/microlib/init/entry.s            0x00000000   Number         0  entry8b.o ABSOLUTE
    ../clib/microlib/init/entry.s            0x00000000   Number         0  entry9a.o ABSOLUTE
    ../clib/microlib/init/entry.s            0x00000000   Number         0  entry9b.o ABSOLUTE
    ../clib/microlib/init/entry.s            0x00000000   Number         0  entry10a.o ABSOLUTE
    ../clib/microlib/init/entry.s            0x00000000   Number         0  entry10b.o ABSOLUTE
    ../clib/microlib/init/entry.s            0x00000000   Number         0  entry11a.o ABSOLUTE
    ../clib/microlib/init/entry.s            0x00000000   Number         0  entry11b.o ABSOLUTE
    ../clib/microlib/longlong.c              0x00000000   Number         0  llshl.o ABSOLUTE
    ../clib/microlib/longlong.c              0x00000000   Number         0  llushr.o ABSOLUTE
    ../clib/microlib/stdio/fputs.c           0x00000000   Number         0  fputs.o ABSOLUTE
    ../clib/microlib/stdio/fputs.c           0x00000000   Number         0  fputs_e.o ABSOLUTE
    ../clib/microlib/stdio/fwrite.c          0x00000000   Number         0  fwrite.o ABSOLUTE
    ../clib/microlib/stdio/fwrite.c          0x00000000   Number         0  fwrite_e.o ABSOLUTE
    ../clib/microlib/stdio/streams.c         0x00000000   Number         0  stdout.o ABSOLUTE
    ../clib/microlib/stdio/streams.c         0x00000000   Number         0  stderr.o ABSOLUTE
    ../clib/microlib/string/memset.c         0x00000000   Number         0  memseta.o ABSOLUTE
    Blinky.c                                 0x00000000   Number         0  blinky.o ABSOLUTE
    GLCD_SPI_LPC1700.c                       0x00000000   Number         0  glcd_spi_lpc1700.o ABSOLUTE
    IRQ.c                                    0x00000000   Number         0  irq.o ABSOLUTE
    KBD.c                                    0x00000000   Number         0  kbd.o ABSOLUTE
    LED.c                                    0x00000000   Number         0  led.o ABSOLUTE
    PIN_LPC17xx.c                            0x00000000   Number         0  pin_lpc17xx.o ABSOLUTE
    RTE/Device/LPC1768/startup_LPC17xx.s     0x00000000   Number         0  startup_lpc17xx.o ABSOLUTE
    dc.s                                     0x00000000   Number         0  dc.o ABSOLUTE
    handlers.s                               0x00000000   Number         0  handlers.o ABSOLUTE
    init.s                                   0x00000000   Number         0  init.o ABSOLUTE
    retarget_io.c                            0x00000000   Number         0  retarget_io.o ABSOLUTE
    system_LPC17xx.c                         0x00000000   Number         0  system_lpc17xx.o ABSOLUTE
    RESET                                    0x00000000   Section      204  startup_lpc17xx.o(RESET)
    .ARM.Collect$$$$00000000                 0x000000cc   Section        0  entry.o(.ARM.Collect$$$$00000000)
    .ARM.Collect$$$$00000001                 0x000000cc   Section        4  entry2.o(.ARM.Collect$$$$00000001)
    .ARM.Collect$$$$00000004                 0x000000d0   Section        4  entry5.o(.ARM.Collect$$$$00000004)
    .ARM.Collect$$$$00000008                 0x000000d4   Section        0  entry7b.o(.ARM.Collect$$$$00000008)
    .ARM.Collect$$$$0000000A                 0x000000d4   Section        0  entry8b.o(.ARM.Collect$$$$0000000A)
    .ARM.Collect$$$$0000000B                 0x000000d4   Section        8  entry9a.o(.ARM.Collect$$$$0000000B)
    __lit__00000000                          0x000000dc   Data           4  entry2.o(.ARM.Collect$$$$00002712)
    .ARM.Collect$$$$0000000D                 0x000000dc   Section        0  entry10a.o(.ARM.Collect$$$$0000000D)
    .ARM.Collect$$$$0000000F                 0x000000dc   Section        0  entry11a.o(.ARM.Collect$$$$0000000F)
    .ARM.Collect$$$$00002712                 0x000000dc   Section        4  entry2.o(.ARM.Collect$$$$00002712)
    .text                                    0x000000e0   Section       36  startup_lpc17xx.o(.text)
    .text                                    0x00000104   Section       48  init.o(.text)
    [Anonymous Symbol]                       0x00000134   Section        0  glcd_spi_lpc1700.o(.text.GLCD_Clear)
    [Anonymous Symbol]                       0x000001c0   Section        0  glcd_spi_lpc1700.o(.text.GLCD_DisplayString)
    [Anonymous Symbol]                       0x00000240   Section        0  glcd_spi_lpc1700.o(.text.GLCD_SetBackColor)
    [Anonymous Symbol]                       0x0000024c   Section        0  glcd_spi_lpc1700.o(.text.GLCD_SetTextColor)
    [Anonymous Symbol]                       0x00000258   Section        0  kbd.o(.text.KBD_Init)
    [Anonymous Symbol]                       0x00000290   Section        0  led.o(.text.LED_Init)
    [Anonymous Symbol]                       0x000002bc   Section        0  irq.o(.text.SysTick_Handler)
    [Anonymous Symbol]                       0x000002c0   Section        0  kbd.o(.text.get_button)
    i.__scatterload_copy                     0x000002d2   Section       14  handlers.o(i.__scatterload_copy)
    i.__scatterload_null                     0x000002e0   Section        2  handlers.o(i.__scatterload_null)
    i.__scatterload_zeroinit                 0x000002e2   Section       14  handlers.o(i.__scatterload_zeroinit)
    .ARM.__at_0x02FC                         0x000002fc   Section        4  startup_lpc17xx.o(.ARM.__at_0x02FC)
    [Anonymous Symbol]                       0x00000300   Section        0  glcd_spi_lpc1700.o(.text.GLCD_DrawChar)
    [Anonymous Symbol]                       0x00000418   Section        0  glcd_spi_lpc1700.o(.text.GLCD_Init)
    [Anonymous Symbol]                       0x00003a84   Section        0  glcd_spi_lpc1700.o(.text.GLCD_SetWindow)
    [Anonymous Symbol]                       0x00004218   Section        0  led.o(.text.LED_Out)
    [Anonymous Symbol]                       0x00004278   Section        0  system_lpc17xx.o(.text.SystemInit)
    [Anonymous Symbol]                       0x00004344   Section        0  blinky.o(.text.main)
    .L.str.6                                 0x00005d40   Data          21  blinky.o(.rodata.str1.1)
    [Anonymous Symbol]                       0x00005d40   Section        0  blinky.o(.rodata.str1.1)
    .L.str.7                                 0x00005d55   Data          21  blinky.o(.rodata.str1.1)
    .L.str.8                                 0x00005d6a   Data          21  blinky.o(.rodata.str1.1)
    Color                                    0x10000000   Data           4  glcd_spi_lpc1700.o(.data.Color)
    [Anonymous Symbol]                       0x10000000   Section        0  glcd_spi_lpc1700.o(.data.Color)
    Himax                                    0x10000008   Data           1  glcd_spi_lpc1700.o(.bss.Himax)
    [Anonymous Symbol]                       0x10000008   Section        0  glcd_spi_lpc1700.o(.bss.Himax)
    STACK                                    0x10000010   Section      512  startup_lpc17xx.o(STACK)

    Global Symbols

    Symbol Name                              Value     Ov Type        Size  Object(Section)

    BuildAttributes$$THM_ISAv4$P$D$K$B$S$PE$A:L22UL41UL21$X:L11$S22US41US21$IEEE1$IW$~IW$USESV6$~STKCKD$USESV7$~SHL$OTIME$EBA8$MICROLIB$REQ8$PRES8$EABIv2 0x00000000   Number         0  anon$$obj.o ABSOLUTE
    __Vectors                                0x00000000   Data           4  startup_lpc17xx.o(RESET)
    __cpp_initialize__aeabi_                  - Undefined Weak Reference
    __cxa_finalize                            - Undefined Weak Reference
    __decompress                              - Undefined Weak Reference
    _clock_init                               - Undefined Weak Reference
    _microlib_exit                            - Undefined Weak Reference
    __main                                   0x000000cd   Thumb Code     0  entry.o(.ARM.Collect$$$$00000000)
    _main_stk                                0x000000cd   Thumb Code     0  entry2.o(.ARM.Collect$$$$00000001)
    _main_scatterload                        0x000000d1   Thumb Code     0  entry5.o(.ARM.Collect$$$$00000004)
    __main_after_scatterload                 0x000000d5   Thumb Code     0  entry5.o(.ARM.Collect$$$$00000004)
    _main_clock                              0x000000d5   Thumb Code     0  entry7b.o(.ARM.Collect$$$$00000008)
    _main_cpp_init                           0x000000d5   Thumb Code     0  entry8b.o(.ARM.Collect$$$$0000000A)
    _main_init                               0x000000d5   Thumb Code     0  entry9a.o(.ARM.Collect$$$$0000000B)
    __rt_final_cpp                           0x000000dd   Thumb Code     0  entry10a.o(.ARM.Collect$$$$0000000D)
    __rt_final_exit                          0x000000dd   Thumb Code     0  entry11a.o(.ARM.Collect$$$$0000000F)
    Reset_Handler                            0x000000e1   Thumb Code     8  startup_lpc17xx.o(.text)
    NMI_Handler                              0x000000e9   Thumb Code     2  startup_lpc17xx.o(.text)
    HardFault_Handler                        0x000000eb   Thumb Code     2  startup_lpc17xx.o(.text)
    MemManage_Handler                        0x000000ed   Thumb Code     2  startup_lpc17xx.o(.text)
    BusFault_Handler                         0x000000ef   Thumb Code     2  startup_lpc17xx.o(.text)
    UsageFault_Handler                       0x000000f1   Thumb Code     2  startup_lpc17xx.o(.text)
    SVC_Handler                              0x000000f3   Thumb Code     2  startup_lpc17xx.o(.text)
    DebugMon_Handler                         0x000000f5   Thumb Code     2  startup_lpc17xx.o(.text)
    PendSV_Handler                           0x000000f7   Thumb Code     2  startup_lpc17xx.o(.text)
    ADC_IRQHandler                           0x000000fb   Thumb Code     0  startup_lpc17xx.o(.text)
    BOD_IRQHandler                           0x000000fb   Thumb Code     0  startup_lpc17xx.o(.text)
    CANActivity_IRQHandler                   0x000000fb   Thumb Code     0  startup_lpc17xx.o(.text)
    CAN_IRQHandler                           0x000000fb   Thumb Code     0  startup_lpc17xx.o(.text)
    DMA_IRQHandler                           0x000000fb   Thumb Code     0  startup_lpc17xx.o(.text)
    EINT0_IRQHandler                         0x000000fb   Thumb Code     0  startup_lpc17xx.o(.text)
    EINT1_IRQHandler                         0x000000fb   Thumb Code     0  startup_lpc17xx.o(.text)
    EINT2_IRQHandler                         0x000000fb   Thumb Code     0  startup_lpc17xx.o(.text)
    EINT3_IRQHandler                         0x000000fb   Thumb Code     0  startup_lpc17xx.o(.text)
    ENET_IRQHandler                          0x000000fb   Thumb Code     0  startup_lpc17xx.o(.text)
    I2C0_IRQHandler                          0x000000fb   Thumb Code     0  startup_lpc17xx.o(.text)
    I2C1_IRQHandler                          0x000000fb   Thumb Code     0  startup_lpc17xx.o(.text)
    I2C2_IRQHandler                          0x000000fb   Thumb Code     0  startup_lpc17xx.o(.text)
    I2S_IRQHandler                           0x000000fb   Thumb Code     0  startup_lpc17xx.o(.text)
    MCPWM_IRQHandler                         0x000000fb   Thumb Code     0  startup_lpc17xx.o(.text)
    PLL0_IRQHandler                          0x000000fb   Thumb Code     0  startup_lpc17xx.o(.text)
    PLL1_IRQHandler                          0x000000fb   Thumb Code     0  startup_lpc17xx.o(.text)
    PWM1_IRQHandler                          0x000000fb   Thumb Code     0  startup_lpc17xx.o(.text)
    QEI_IRQHandler                           0x000000fb   Thumb Code     0  startup_lpc17xx.o(.text)
    RIT_IRQHandler                           0x000000fb   Thumb Code     0  startup_lpc17xx.o(.text)
    RTC_IRQHandler                           0x000000fb   Thumb Code     0  startup_lpc17xx.o(.text)
    SPI_IRQHandler                           0x000000fb   Thumb Code     0  startup_lpc17xx.o(.text)
    SSP0_IRQHandler                          0x000000fb   Thumb Code     0  startup_lpc17xx.o(.text)
    SSP1_IRQHandler                          0x000000fb   Thumb Code     0  startup_lpc17xx.o(.text)
    TIMER0_IRQHandler                        0x000000fb   Thumb Code     0  startup_lpc17xx.o(.text)
    TIMER1_IRQHandler                        0x000000fb   Thumb Code     0  startup_lpc17xx.o(.text)
    TIMER2_IRQHandler                        0x000000fb   Thumb Code     0  startup_lpc17xx.o(.text)
    TIMER3_IRQHandler                        0x000000fb   Thumb Code     0  startup_lpc17xx.o(.text)
    UART0_IRQHandler                         0x000000fb   Thumb Code     0  startup_lpc17xx.o(.text)
    UART1_IRQHandler                         0x000000fb   Thumb Code     0  startup_lpc17xx.o(.text)
    UART2_IRQHandler                         0x000000fb   Thumb Code     0  startup_lpc17xx.o(.text)
    UART3_IRQHandler                         0x000000fb   Thumb Code     0  startup_lpc17xx.o(.text)
    USBActivity_IRQHandler                   0x000000fb   Thumb Code     0  startup_lpc17xx.o(.text)
    USB_IRQHandler                           0x000000fb   Thumb Code     0  startup_lpc17xx.o(.text)
    WDT_IRQHandler                           0x000000fb   Thumb Code     0  startup_lpc17xx.o(.text)
    __scatterload                            0x00000105   Thumb Code    38  init.o(.text)
    __scatterload_rt2                        0x00000105   Thumb Code     0  init.o(.text)
    GLCD_Clear                               0x00000135   Thumb Code   138  glcd_spi_lpc1700.o(.text.GLCD_Clear)
    GLCD_DisplayString                       0x000001c1   Thumb Code   126  glcd_spi_lpc1700.o(.text.GLCD_DisplayString)
    GLCD_SetBackColor                        0x00000241   Thumb Code    12  glcd_spi_lpc1700.o(.text.GLCD_SetBackColor)
    GLCD_SetTextColor                        0x0000024d   Thumb Code    12  glcd_spi_lpc1700.o(.text.GLCD_SetTextColor)
    KBD_Init                                 0x00000259   Thumb Code    56  kbd.o(.text.KBD_Init)
    LED_Init                                 0x00000291   Thumb Code    42  led.o(.text.LED_Init)
    SysTick_Handler                          0x000002bd   Thumb Code     2  irq.o(.text.SysTick_Handler)
    get_button                               0x000002c1   Thumb Code    18  kbd.o(.text.get_button)
    __scatterload_copy                       0x000002d3   Thumb Code    14  handlers.o(i.__scatterload_copy)
    __scatterload_null                       0x000002e1   Thumb Code     2  handlers.o(i.__scatterload_null)
    __scatterload_zeroinit                   0x000002e3   Thumb Code    14  handlers.o(i.__scatterload_zeroinit)
    GLCD_DrawChar                            0x00000301   Thumb Code   278  glcd_spi_lpc1700.o(.text.GLCD_DrawChar)
    GLCD_Init                                0x00000419   Thumb Code 13932  glcd_spi_lpc1700.o(.text.GLCD_Init)
    GLCD_SetWindow                           0x00003a85   Thumb Code  1940  glcd_spi_lpc1700.o(.text.GLCD_SetWindow)
    LED_Out                                  0x00004219   Thumb Code    96  led.o(.text.LED_Out)
    SystemInit                               0x00004279   Thumb Code   204  system_lpc17xx.o(.text.SystemInit)
    main                                     0x00004345   Thumb Code   212  blinky.o(.text.main)
    Font_16x24_h                             0x000044a0   Data        5376  glcd_spi_lpc1700.o(.rodata.Font_16x24_h)
    Font_6x8_h                               0x000059a0   Data         896  glcd_spi_lpc1700.o(.rodata.Font_6x8_h)
    led_mask                                 0x00005d20   Data          32  led.o(.rodata.led_mask)
    Region$$Table$$Base                      0x00005d80   Number         0  anon$$obj.o(Region$$Table)
    Region$$Table$$Limit                     0x00005da0   Number         0  anon$$obj.o(Region$$Table)
    __initial_sp                             0x10000210   Data           0  startup_lpc17xx.o(STACK)



==============================================================================

Memory Map of the image

  Image Entry point : 0x000000cd

  Load Region LR_IROM1 (Base: 0x00000000, Size: 0x00005da8, Max: 0x00080000, ABSOLUTE)

    Execution Region ER_IROM1 (Exec base: 0x00000000, Load base: 0x00000000, Size: 0x00005da0, Max: 0x00080000, ABSOLUTE)

    Exec Addr    Load Addr    Size         Type   Attr      Idx    E Section Name        Object

    0x00000000   0x00000000   0x000000cc   Data   RO          135    RESET               startup_lpc17xx.o
    0x000000cc   0x000000cc   0x00000000   Code   RO          157  * .ARM.Collect$$$$00000000  mc_w.l(entry.o)
    0x000000cc   0x000000cc   0x00000004   Code   RO          174    .ARM.Collect$$$$00000001  mc_w.l(entry2.o)
    0x000000d0   0x000000d0   0x00000004   Code   RO          177    .ARM.Collect$$$$00000004  mc_w.l(entry5.o)
    0x000000d4   0x000000d4   0x00000000   Code   RO          179    .ARM.Collect$$$$00000008  mc_w.l(entry7b.o)
    0x000000d4   0x000000d4   0x00000000   Code   RO          181    .ARM.Collect$$$$0000000A  mc_w.l(entry8b.o)
    0x000000d4   0x000000d4   0x00000008   Code   RO          182    .ARM.Collect$$$$0000000B  mc_w.l(entry9a.o)
    0x000000dc   0x000000dc   0x00000000   Code   RO          184    .ARM.Collect$$$$0000000D  mc_w.l(entry10a.o)
    0x000000dc   0x000000dc   0x00000000   Code   RO          186    .ARM.Collect$$$$0000000F  mc_w.l(entry11a.o)
    0x000000dc   0x000000dc   0x00000004   Code   RO          175    .ARM.Collect$$$$00002712  mc_w.l(entry2.o)
    0x000000e0   0x000000e0   0x00000024   Code   RO          137    .text               startup_lpc17xx.o
    0x00000104   0x00000104   0x00000030   Code   RO          192    .text               mc_w.l(init.o)
    0x00000134   0x00000134   0x0000008a   Code   RO           25    .text.GLCD_Clear    glcd_spi_lpc1700.o
    0x000001be   0x000001be   0x00000002   PAD
    0x000001c0   0x000001c0   0x0000007e   Code   RO           31    .text.GLCD_DisplayString  glcd_spi_lpc1700.o
    0x0000023e   0x0000023e   0x00000002   PAD
    0x00000240   0x00000240   0x0000000c   Code   RO           23    .text.GLCD_SetBackColor  glcd_spi_lpc1700.o
    0x0000024c   0x0000024c   0x0000000c   Code   RO           21    .text.GLCD_SetTextColor  glcd_spi_lpc1700.o
    0x00000258   0x00000258   0x00000038   Code   RO           82    .text.KBD_Init      kbd.o
    0x00000290   0x00000290   0x0000002a   Code   RO           65    .text.LED_Init      led.o
    0x000002ba   0x000002ba   0x00000002   PAD
    0x000002bc   0x000002bc   0x00000002   Code   RO           57    .text.SysTick_Handler  irq.o
    0x000002be   0x000002be   0x00000002   PAD
    0x000002c0   0x000002c0   0x00000012   Code   RO           86    .text.get_button    kbd.o
    0x000002d2   0x000002d2   0x0000000e   Code   RO          196    i.__scatterload_copy  mc_w.l(handlers.o)
    0x000002e0   0x000002e0   0x00000002   Code   RO          197    i.__scatterload_null  mc_w.l(handlers.o)
    0x000002e2   0x000002e2   0x0000000e   Code   RO          198    i.__scatterload_zeroinit  mc_w.l(handlers.o)
    0x000002f0   0x000002f0   0x0000000c   PAD
    0x000002fc   0x000002fc   0x00000004   Code   RO          136    .ARM.__at_0x02FC    startup_lpc17xx.o
    0x00000300   0x00000300   0x00000116   Code   RO           27    .text.GLCD_DrawChar  glcd_spi_lpc1700.o
    0x00000416   0x00000416   0x00000002   PAD
    0x00000418   0x00000418   0x0000366c   Code   RO           13    .text.GLCD_Init     glcd_spi_lpc1700.o
    0x00003a84   0x00003a84   0x00000794   Code   RO           15    .text.GLCD_SetWindow  glcd_spi_lpc1700.o
    0x00004218   0x00004218   0x00000060   Code   RO           71    .text.LED_Out       led.o
    0x00004278   0x00004278   0x000000cc   Code   RO          148    .text.SystemInit    system_lpc17xx.o
    0x00004344   0x00004344   0x0000015c   Code   RO            2    .text.main          blinky.o
    0x000044a0   0x000044a0   0x00001500   Data   RO           46    .rodata.Font_16x24_h  glcd_spi_lpc1700.o
    0x000059a0   0x000059a0   0x00000380   Data   RO           45    .rodata.Font_6x8_h  glcd_spi_lpc1700.o
    0x00005d20   0x00005d20   0x00000020   Data   RO           73    .rodata.led_mask    led.o
    0x00005d40   0x00005d40   0x0000003f   Data   RO            4    .rodata.str1.1      blinky.o
    0x00005d7f   0x00005d7f   0x00000001   PAD
    0x00005d80   0x00005d80   0x00000020   Data   RO          195    Region$$Table       anon$$obj.o


    Execution Region RW_IRAM1 (Exec base: 0x10000000, Load base: 0x00005da0, Size: 0x00000210, Max: 0x00008000, ABSOLUTE)

    Exec Addr    Load Addr    Size         Type   Attr      Idx    E Section Name        Object

    0x10000000   0x00005da0   0x00000004   Data   RW           48    .data.Color         glcd_spi_lpc1700.o
    0x10000004   0x00005da4   0x00000004   PAD
    0x10000008        -       0x00000001   Zero   RW           47    .bss.Himax          glcd_spi_lpc1700.o
    0x10000009   0x00005da4   0x00000007   PAD
    0x10000010        -       0x00000200   Zero   RW          133    STACK               startup_lpc17xx.o


==============================================================================

Image component sizes


      Code (inc. data)   RO Data    RW Data    ZI Data      Debug   Object Name

       348        136         63          0          0       1059   blinky.o
     16438          0       6272          4          1      78713   glcd_spi_lpc1700.o
         2          0          0          0          0        391   irq.o
        74          0          0          0          0       3903   kbd.o
       138          0         32          0          0       3717   led.o
        40         12        204          0        512       1148   startup_lpc17xx.o
       204          0          0          0          0       2214   system_lpc17xx.o

    ----------------------------------------------------------------------
     17254        148       6604          4        524      91145   Object Totals
         0          0         32          0          0          0   (incl. Generated)
        10          0          1          0         11          0   (incl. Padding)

    ----------------------------------------------------------------------

      Code (inc. data)   RO Data    RW Data    ZI Data      Debug   Library Member Name

         0          0          0          0          0          0   entry.o
         0          0          0          0          0          0   entry10a.o
         0          0          0          0          0          0   entry11a.o
         8          4          0          0          0          0   entry2.o
         4          0          0          0          0          0   entry5.o
         0          0          0          0          0          0   entry7b.o
         0          0          0          0          0          0   entry8b.o
         8          4          0          0          0          0   entry9a.o
        30          0          0          0          0          0   handlers.o
        48         10          0          0          0         68   init.o

    ----------------------------------------------------------------------
       110         18          0          0          0         68   Library Totals
        12          0          0          0          0          0   (incl. Padding)

    ----------------------------------------------------------------------

      Code (inc. data)   RO Data    RW Data    ZI Data      Debug   Library Name

        98         18          0          0          0         68   mc_w.l

    ----------------------------------------------------------------------
       110         18          0          0          0         68   Library Totals

    ----------------------------------------------------------------------

==============================================================================


      Code (inc. data)   RO Data    RW Data    ZI Data      Debug   

     17364        166       6604          4        524      91265   Grand Totals
     17364        166       6604          4        524      91265   ELF Image Totals
     17364        166       6604          4          0          0   ROM Totals

==============================================================================

    Total RO  Size (Code + RO Data)                23968 (  23.41kB)
    Total RW  Size (RW Data + ZI Data)               528 (   0.52kB)
    Total ROM Size (Code + RO Data + RW Data)      23972 (  23.41kB)

==============================================================================

