Component: ARM Compiler 5.06 update 6 (build 750) Tool: armlink [4d35ed]

==============================================================================

Section Cross References

    blinky.o(i.main) refers to led.o(i.LED_Init) for LED_Init
    blinky.o(i.main) refers to kbd.o(i.KBD_Init) for KBD_Init
    blinky.o(i.main) refers to glcd_spi_lpc1700.o(i.GLCD_Init) for GLCD_Init
    blinky.o(i.main) refers to glcd_spi_lpc1700.o(i.GLCD_Clear) for GLCD_Clear
    blinky.o(i.main) refers to glcd_spi_lpc1700.o(i.GLCD_SetBackColor) for GLCD_SetBackColor
    blinky.o(i.main) refers to glcd_spi_lpc1700.o(i.GLCD_SetTextColor) for GLCD_SetTextColor
    blinky.o(i.main) refers to glcd_spi_lpc1700.o(i.GLCD_DisplayString) for GLCD_DisplayString
    blinky.o(i.main) refers to led.o(i.LED_Out) for LED_Out
    blinky.o(i.main) refers to kbd.o(i.get_button) for get_button
    blinky.o(i.main) refers to glcd_spi_lpc1700.o(i.GLCD_ClearLn) for GLCD_ClearLn
    glcd_spi_lpc1700.o(i.GLCD_Bargraph) refers to glcd_spi_lpc1700.o(i.GLCD_SetWindow) for GLCD_SetWindow
    glcd_spi_lpc1700.o(i.GLCD_Bargraph) refers to glcd_spi_lpc1700.o(i.wr_cmd) for wr_cmd
    glcd_spi_lpc1700.o(i.GLCD_Bargraph) refers to glcd_spi_lpc1700.o(i.wr_dat_start) for wr_dat_start
    glcd_spi_lpc1700.o(i.GLCD_Bargraph) refers to glcd_spi_lpc1700.o(i.wr_dat_only) for wr_dat_only
    glcd_spi_lpc1700.o(i.GLCD_Bargraph) refers to glcd_spi_lpc1700.o(.data) for .data
    glcd_spi_lpc1700.o(i.GLCD_Bitmap) refers to glcd_spi_lpc1700.o(i.GLCD_SetWindow) for GLCD_SetWindow
    glcd_spi_lpc1700.o(i.GLCD_Bitmap) refers to glcd_spi_lpc1700.o(i.wr_cmd) for wr_cmd
    glcd_spi_lpc1700.o(i.GLCD_Bitmap) refers to glcd_spi_lpc1700.o(i.wr_dat_start) for wr_dat_start
    glcd_spi_lpc1700.o(i.GLCD_Bitmap) refers to glcd_spi_lpc1700.o(i.wr_dat_only) for wr_dat_only
    glcd_spi_lpc1700.o(i.GLCD_Clear) refers to glcd_spi_lpc1700.o(i.GLCD_WindowMax) for GLCD_WindowMax
    glcd_spi_lpc1700.o(i.GLCD_Clear) refers to glcd_spi_lpc1700.o(i.wr_cmd) for wr_cmd
    glcd_spi_lpc1700.o(i.GLCD_Clear) refers to glcd_spi_lpc1700.o(i.wr_dat_start) for wr_dat_start
    glcd_spi_lpc1700.o(i.GLCD_Clear) refers to glcd_spi_lpc1700.o(i.wr_dat_only) for wr_dat_only
    glcd_spi_lpc1700.o(i.GLCD_ClearLn) refers to glcd_spi_lpc1700.o(i.GLCD_WindowMax) for GLCD_WindowMax
    glcd_spi_lpc1700.o(i.GLCD_ClearLn) refers to glcd_spi_lpc1700.o(i.GLCD_DisplayString) for GLCD_DisplayString
    glcd_spi_lpc1700.o(i.GLCD_DisplayChar) refers to glcd_spi_lpc1700.o(i.GLCD_DrawChar) for GLCD_DrawChar
    glcd_spi_lpc1700.o(i.GLCD_DisplayChar) refers to glcd_spi_lpc1700.o(.constdata) for .constdata
    glcd_spi_lpc1700.o(i.GLCD_DisplayString) refers to glcd_spi_lpc1700.o(i.GLCD_DisplayChar) for GLCD_DisplayChar
    glcd_spi_lpc1700.o(i.GLCD_DrawChar) refers to glcd_spi_lpc1700.o(i.GLCD_SetWindow) for GLCD_SetWindow
    glcd_spi_lpc1700.o(i.GLCD_DrawChar) refers to glcd_spi_lpc1700.o(i.wr_cmd) for wr_cmd
    glcd_spi_lpc1700.o(i.GLCD_DrawChar) refers to glcd_spi_lpc1700.o(i.wr_dat_start) for wr_dat_start
    glcd_spi_lpc1700.o(i.GLCD_DrawChar) refers to glcd_spi_lpc1700.o(i.wr_dat_only) for wr_dat_only
    glcd_spi_lpc1700.o(i.GLCD_DrawChar) refers to glcd_spi_lpc1700.o(.data) for .data
    glcd_spi_lpc1700.o(i.GLCD_Init) refers to glcd_spi_lpc1700.o(i.rd_id_man) for rd_id_man
    glcd_spi_lpc1700.o(i.GLCD_Init) refers to glcd_spi_lpc1700.o(i.rd_reg) for rd_reg
    glcd_spi_lpc1700.o(i.GLCD_Init) refers to glcd_spi_lpc1700.o(i.wr_reg) for wr_reg
    glcd_spi_lpc1700.o(i.GLCD_Init) refers to glcd_spi_lpc1700.o(i.delay) for delay
    glcd_spi_lpc1700.o(i.GLCD_Init) refers to glcd_spi_lpc1700.o(.data) for .data
    glcd_spi_lpc1700.o(i.GLCD_PutPixel) refers to glcd_spi_lpc1700.o(i.wr_reg) for wr_reg
    glcd_spi_lpc1700.o(i.GLCD_PutPixel) refers to glcd_spi_lpc1700.o(i.wr_cmd) for wr_cmd
    glcd_spi_lpc1700.o(i.GLCD_PutPixel) refers to glcd_spi_lpc1700.o(i.wr_dat) for wr_dat
    glcd_spi_lpc1700.o(i.GLCD_PutPixel) refers to glcd_spi_lpc1700.o(.data) for .data
    glcd_spi_lpc1700.o(i.GLCD_SetBackColor) refers to glcd_spi_lpc1700.o(.data) for .data
    glcd_spi_lpc1700.o(i.GLCD_SetTextColor) refers to glcd_spi_lpc1700.o(.data) for .data
    glcd_spi_lpc1700.o(i.GLCD_SetWindow) refers to glcd_spi_lpc1700.o(i.wr_reg) for wr_reg
    glcd_spi_lpc1700.o(i.GLCD_SetWindow) refers to glcd_spi_lpc1700.o(.data) for .data
    glcd_spi_lpc1700.o(i.GLCD_WindowMax) refers to glcd_spi_lpc1700.o(i.GLCD_SetWindow) for GLCD_SetWindow
    glcd_spi_lpc1700.o(i.GLCD_WrCmd) refers to glcd_spi_lpc1700.o(i.wr_cmd) for wr_cmd
    glcd_spi_lpc1700.o(i.GLCD_WrReg) refers to glcd_spi_lpc1700.o(i.wr_reg) for wr_reg
    glcd_spi_lpc1700.o(i.rd_id_man) refers to glcd_spi_lpc1700.o(i.spi_tran_man) for spi_tran_man
    glcd_spi_lpc1700.o(i.rd_reg) refers to glcd_spi_lpc1700.o(i.wr_cmd) for wr_cmd
    glcd_spi_lpc1700.o(i.rd_reg) refers to glcd_spi_lpc1700.o(i.spi_tran) for spi_tran
    glcd_spi_lpc1700.o(i.spi_tran_man) refers to glcd_spi_lpc1700.o(i.delay) for delay
    glcd_spi_lpc1700.o(i.wr_cmd) refers to glcd_spi_lpc1700.o(i.spi_tran) for spi_tran
    glcd_spi_lpc1700.o(i.wr_dat) refers to glcd_spi_lpc1700.o(i.spi_tran) for spi_tran
    glcd_spi_lpc1700.o(i.wr_dat_only) refers to glcd_spi_lpc1700.o(i.spi_tran) for spi_tran
    glcd_spi_lpc1700.o(i.wr_dat_start) refers to glcd_spi_lpc1700.o(i.spi_tran) for spi_tran
    glcd_spi_lpc1700.o(i.wr_reg) refers to glcd_spi_lpc1700.o(i.wr_cmd) for wr_cmd
    glcd_spi_lpc1700.o(i.wr_reg) refers to glcd_spi_lpc1700.o(i.wr_dat) for wr_dat
    led.o(i.LED_Off) refers to led.o(.constdata) for .constdata
    led.o(i.LED_On) refers to led.o(.constdata) for .constdata
    led.o(i.LED_Out) refers to led.o(i.LED_On) for LED_On
    led.o(i.LED_Out) refers to led.o(i.LED_Off) for LED_Off
    kbd.o(i.get_button) refers to kbd.o(i.KBD_get) for KBD_get
    adc_mcb1700.o(i.ADC_ConversionDone) refers to adc_mcb1700.o(.data) for .data
    adc_mcb1700.o(i.ADC_GetValue) refers to adc_mcb1700.o(.data) for .data
    adc_mcb1700.o(i.ADC_IRQHandler) refers to adc_mcb1700.o(.data) for .data
    adc_mcb1700.o(i.ADC_Initialize) refers to pin_lpc17xx.o(i.PIN_Configure) for PIN_Configure
    adc_mcb1700.o(i.ADC_Uninitialize) refers to pin_lpc17xx.o(i.PIN_Configure) for PIN_Configure
    retarget_io.o(i.ITM_ReceiveChar) refers to retarget_io.o(.data) for .data
    retarget_io.o(i.__aeabi_assert) refers to fputs.o(i.fputs) for fputs
    retarget_io.o(i.__aeabi_assert) refers to retarget_io.o(i.abort) for abort
    retarget_io.o(i.__aeabi_assert) refers to stderr.o(.data) for __stderr
    retarget_io.o(i.fputc) refers to retarget_io.o(i.stdout_putchar) for stdout_putchar
    retarget_io.o(i.fputc) refers to stdout.o(.data) for __stdout
    retarget_io.o(i.stdout_putchar) refers to retarget_io.o(i.ITM_SendChar) for ITM_SendChar
    startup_lpc17xx.o(RESET) refers to startup_lpc17xx.o(STACK) for __initial_sp
    startup_lpc17xx.o(RESET) refers to startup_lpc17xx.o(.text) for Reset_Handler
    startup_lpc17xx.o(RESET) refers to irq.o(i.SysTick_Handler) for SysTick_Handler
    startup_lpc17xx.o(RESET) refers to adc_mcb1700.o(i.ADC_IRQHandler) for ADC_IRQHandler
    startup_lpc17xx.o(.text) refers to system_lpc17xx.o(i.SystemInit) for SystemInit
    startup_lpc17xx.o(.text) refers to entry.o(.ARM.Collect$$$$00000000) for __main
    system_lpc17xx.o(i.SystemCoreClockUpdate) refers to uldiv.o(.text) for __aeabi_uldivmod
    system_lpc17xx.o(i.SystemCoreClockUpdate) refers to system_lpc17xx.o(.data) for .data
    entry.o(.ARM.Collect$$$$00000000) refers (Special) to entry10a.o(.ARM.Collect$$$$0000000D) for __rt_final_cpp
    entry.o(.ARM.Collect$$$$00000000) refers (Special) to entry11a.o(.ARM.Collect$$$$0000000F) for __rt_final_exit
    entry.o(.ARM.Collect$$$$00000000) refers (Special) to entry7b.o(.ARM.Collect$$$$00000008) for _main_clock
    entry.o(.ARM.Collect$$$$00000000) refers (Special) to entry8b.o(.ARM.Collect$$$$0000000A) for _main_cpp_init
    entry.o(.ARM.Collect$$$$00000000) refers (Special) to entry9a.o(.ARM.Collect$$$$0000000B) for _main_init
    entry.o(.ARM.Collect$$$$00000000) refers (Special) to entry5.o(.ARM.Collect$$$$00000004) for _main_scatterload
    entry.o(.ARM.Collect$$$$00000000) refers (Special) to entry2.o(.ARM.Collect$$$$00000001) for _main_stk
    fputs.o(i.fputs) refers to retarget_io.o(i.fputc) for fputc
    fputs_e.o(.text) refers to retarget_io.o(i.fputc) for fputc
    uldiv.o(.text) refers to llushr.o(.text) for __aeabi_llsr
    uldiv.o(.text) refers to llshl.o(.text) for __aeabi_llsl
    entry2.o(.ARM.Collect$$$$00000001) refers to entry2.o(.ARM.Collect$$$$00002712) for __lit__00000000
    entry2.o(.ARM.Collect$$$$00002712) refers to startup_lpc17xx.o(STACK) for __initial_sp
    entry2.o(__vectab_stack_and_reset_area) refers to startup_lpc17xx.o(STACK) for __initial_sp
    entry2.o(__vectab_stack_and_reset_area) refers to entry.o(.ARM.Collect$$$$00000000) for __main
    entry5.o(.ARM.Collect$$$$00000004) refers to init.o(.text) for __scatterload
    entry9a.o(.ARM.Collect$$$$0000000B) refers to blinky.o(i.main) for main
    entry9b.o(.ARM.Collect$$$$0000000C) refers to blinky.o(i.main) for main
    init.o(.text) refers to entry5.o(.ARM.Collect$$$$00000004) for __main_after_scatterload


==============================================================================

Removing Unused input sections from the image.

    Removing blinky.o(.rev16_text), (4 bytes).
    Removing blinky.o(.revsh_text), (4 bytes).
    Removing blinky.o(.rrx_text), (6 bytes).
    Removing glcd_spi_lpc1700.o(.rev16_text), (4 bytes).
    Removing glcd_spi_lpc1700.o(.revsh_text), (4 bytes).
    Removing glcd_spi_lpc1700.o(.rrx_text), (6 bytes).
    Removing glcd_spi_lpc1700.o(i.GLCD_Bargraph), (96 bytes).
    Removing glcd_spi_lpc1700.o(i.GLCD_Bitmap), (76 bytes).
    Removing glcd_spi_lpc1700.o(i.GLCD_PutPixel), (128 bytes).
    Removing glcd_spi_lpc1700.o(i.GLCD_ScrollVertical), (2 bytes).
    Removing glcd_spi_lpc1700.o(i.GLCD_WrCmd), (4 bytes).
    Removing glcd_spi_lpc1700.o(i.GLCD_WrReg), (4 bytes).
    Removing irq.o(.rev16_text), (4 bytes).
    Removing irq.o(.revsh_text), (4 bytes).
    Removing irq.o(.rrx_text), (6 bytes).
    Removing led.o(.rev16_text), (4 bytes).
    Removing led.o(.revsh_text), (4 bytes).
    Removing led.o(.rrx_text), (6 bytes).
    Removing kbd.o(.rev16_text), (4 bytes).
    Removing kbd.o(.revsh_text), (4 bytes).
    Removing kbd.o(.rrx_text), (6 bytes).
    Removing kbd.o(.data), (4 bytes).
    Removing adc_mcb1700.o(.rev16_text), (4 bytes).
    Removing adc_mcb1700.o(.revsh_text), (4 bytes).
    Removing adc_mcb1700.o(.rrx_text), (6 bytes).
    Removing adc_mcb1700.o(i.ADC_ConversionDone), (24 bytes).
    Removing adc_mcb1700.o(i.ADC_GetResolution), (4 bytes).
    Removing adc_mcb1700.o(i.ADC_GetValue), (28 bytes).
    Removing adc_mcb1700.o(i.ADC_Initialize), (64 bytes).
    Removing adc_mcb1700.o(i.ADC_StartConversion), (28 bytes).
    Removing adc_mcb1700.o(i.ADC_Uninitialize), (72 bytes).
    Removing adc_mcb1700.o(.constdata), (2 bytes).
    Removing retarget_io.o(i.ITM_ReceiveChar), (28 bytes).
    Removing retarget_io.o(i.ITM_SendChar), (36 bytes).
    Removing retarget_io.o(i.__aeabi_assert), (144 bytes).
    Removing retarget_io.o(i.__backspace), (6 bytes).
    Removing retarget_io.o(i.abort), (2 bytes).
    Removing retarget_io.o(i.fgetc), (6 bytes).
    Removing retarget_io.o(i.fputc), (20 bytes).
    Removing retarget_io.o(i.stdout_putchar), (4 bytes).
    Removing retarget_io.o(.data), (4 bytes).
    Removing pin_lpc17xx.o(.rev16_text), (4 bytes).
    Removing pin_lpc17xx.o(.revsh_text), (4 bytes).
    Removing pin_lpc17xx.o(.rrx_text), (6 bytes).
    Removing pin_lpc17xx.o(i.PIN_Configure), (112 bytes).
    Removing pin_lpc17xx.o(i.PIN_ConfigureI2C0Pins), (28 bytes).
    Removing pin_lpc17xx.o(i.PIN_ConfigureTPIU), (32 bytes).
    Removing startup_lpc17xx.o(HEAP), (0 bytes).
    Removing system_lpc17xx.o(.rev16_text), (4 bytes).
    Removing system_lpc17xx.o(.revsh_text), (4 bytes).
    Removing system_lpc17xx.o(.rrx_text), (6 bytes).
    Removing system_lpc17xx.o(i.SystemCoreClockUpdate), (288 bytes).
    Removing system_lpc17xx.o(.data), (4 bytes).

53 unused section(s) (total 1362 bytes) removed from the image.

==============================================================================

Image Symbol Table

    Local Symbols

    Symbol Name                              Value     Ov Type        Size  Object(Section)

    RESET                                    0x00000000   Section      204  startup_lpc17xx.o(RESET)
    ../clib/microlib/division.c              0x00000000   Number         0  uldiv.o ABSOLUTE
    ../clib/microlib/init/entry.s            0x00000000   Number         0  entry11a.o ABSOLUTE
    ../clib/microlib/init/entry.s            0x00000000   Number         0  entry8a.o ABSOLUTE
    ../clib/microlib/init/entry.s            0x00000000   Number         0  entry2.o ABSOLUTE
    ../clib/microlib/init/entry.s            0x00000000   Number         0  entry7b.o ABSOLUTE
    ../clib/microlib/init/entry.s            0x00000000   Number         0  entry7a.o ABSOLUTE
    ../clib/microlib/init/entry.s            0x00000000   Number         0  entry10a.o ABSOLUTE
    ../clib/microlib/init/entry.s            0x00000000   Number         0  entry5.o ABSOLUTE
    ../clib/microlib/init/entry.s            0x00000000   Number         0  entry11b.o ABSOLUTE
    ../clib/microlib/init/entry.s            0x00000000   Number         0  entry.o ABSOLUTE
    ../clib/microlib/init/entry.s            0x00000000   Number         0  entry10b.o ABSOLUTE
    ../clib/microlib/init/entry.s            0x00000000   Number         0  entry9b.o ABSOLUTE
    ../clib/microlib/init/entry.s            0x00000000   Number         0  entry9a.o ABSOLUTE
    ../clib/microlib/init/entry.s            0x00000000   Number         0  entry8b.o ABSOLUTE
    ../clib/microlib/longlong.c              0x00000000   Number         0  llushr.o ABSOLUTE
    ../clib/microlib/longlong.c              0x00000000   Number         0  llshl.o ABSOLUTE
    ../clib/microlib/stdio/fputs.c           0x00000000   Number         0  fputs.o ABSOLUTE
    ../clib/microlib/stdio/fputs.c           0x00000000   Number         0  fputs_e.o ABSOLUTE
    ../clib/microlib/stdio/streams.c         0x00000000   Number         0  stdout.o ABSOLUTE
    ../clib/microlib/stdio/streams.c         0x00000000   Number         0  stderr.o ABSOLUTE
    Blinky.c                                 0x00000000   Number         0  blinky.o ABSOLUTE
    Blinky.c                                 0x00000000   Number         0  blinky.o ABSOLUTE
    C:\Users\ECBME\AppData\Local\Arm\Packs\Keil\ARM_Compiler\1.6.3\Source\retarget_io.c 0x00000000   Number         0  retarget_io.o ABSOLUTE
    C:\Users\ECBME\AppData\Local\Arm\Packs\Keil\LPC1700_DFP\2.6.0\Boards\Keil\MCB1700\Common\ADC_MCB1700.c 0x00000000   Number         0  adc_mcb1700.o ABSOLUTE
    C:\Users\ECBME\AppData\Local\Arm\Packs\Keil\LPC1700_DFP\2.6.0\RTE_Driver\PIN_LPC17xx.c 0x00000000   Number         0  pin_lpc17xx.o ABSOLUTE
    C:\\Users\\ECBME\\AppData\\Local\\Arm\\Packs\\Keil\\LPC1700_DFP\\2.6.0\\Boards\\Keil\\MCB1700\\Common\\ADC_MCB1700.c 0x00000000   Number         0  adc_mcb1700.o ABSOLUTE
    C:\\Users\\ECBME\\AppData\\Local\\Arm\\Packs\\Keil\\LPC1700_DFP\\2.6.0\\RTE_Driver\\PIN_LPC17xx.c 0x00000000   Number         0  pin_lpc17xx.o ABSOLUTE
    GLCD_SPI_LPC1700.c                       0x00000000   Number         0  glcd_spi_lpc1700.o ABSOLUTE
    GLCD_SPI_LPC1700.c                       0x00000000   Number         0  glcd_spi_lpc1700.o ABSOLUTE
    IRQ.c                                    0x00000000   Number         0  irq.o ABSOLUTE
    IRQ.c                                    0x00000000   Number         0  irq.o ABSOLUTE
    KBD.c                                    0x00000000   Number         0  kbd.o ABSOLUTE
    KBD.c                                    0x00000000   Number         0  kbd.o ABSOLUTE
    LED.c                                    0x00000000   Number         0  led.o ABSOLUTE
    LED.c                                    0x00000000   Number         0  led.o ABSOLUTE
    RTE\Device\LPC1768\startup_LPC17xx.s     0x00000000   Number         0  startup_lpc17xx.o ABSOLUTE
    RTE\Device\LPC1768\system_LPC17xx.c      0x00000000   Number         0  system_lpc17xx.o ABSOLUTE
    RTE\\Device\\LPC1768\\system_LPC17xx.c   0x00000000   Number         0  system_lpc17xx.o ABSOLUTE
    dc.s                                     0x00000000   Number         0  dc.o ABSOLUTE
    handlers.s                               0x00000000   Number         0  handlers.o ABSOLUTE
    init.s                                   0x00000000   Number         0  init.o ABSOLUTE
    .ARM.Collect$$$$00000000                 0x000000cc   Section        0  entry.o(.ARM.Collect$$$$00000000)
    .ARM.Collect$$$$00000001                 0x000000cc   Section        4  entry2.o(.ARM.Collect$$$$00000001)
    .ARM.Collect$$$$00000004                 0x000000d0   Section        4  entry5.o(.ARM.Collect$$$$00000004)
    .ARM.Collect$$$$00000008                 0x000000d4   Section        0  entry7b.o(.ARM.Collect$$$$00000008)
    .ARM.Collect$$$$0000000A                 0x000000d4   Section        0  entry8b.o(.ARM.Collect$$$$0000000A)
    .ARM.Collect$$$$0000000B                 0x000000d4   Section        8  entry9a.o(.ARM.Collect$$$$0000000B)
    .ARM.Collect$$$$0000000D                 0x000000dc   Section        0  entry10a.o(.ARM.Collect$$$$0000000D)
    .ARM.Collect$$$$0000000F                 0x000000dc   Section        0  entry11a.o(.ARM.Collect$$$$0000000F)
    .ARM.Collect$$$$00002712                 0x000000dc   Section        4  entry2.o(.ARM.Collect$$$$00002712)
    __lit__00000000                          0x000000dc   Data           4  entry2.o(.ARM.Collect$$$$00002712)
    .text                                    0x000000e0   Section       36  startup_lpc17xx.o(.text)
    .text                                    0x00000104   Section       36  init.o(.text)
    i.ADC_IRQHandler                         0x00000128   Section        0  adc_mcb1700.o(i.ADC_IRQHandler)
    i.GLCD_Clear                             0x00000148   Section        0  glcd_spi_lpc1700.o(i.GLCD_Clear)
    i.GLCD_ClearLn                           0x00000178   Section        0  glcd_spi_lpc1700.o(i.GLCD_ClearLn)
    i.GLCD_DisplayChar                       0x000001c4   Section        0  glcd_spi_lpc1700.o(i.GLCD_DisplayChar)
    i.GLCD_DisplayString                     0x00000218   Section        0  glcd_spi_lpc1700.o(i.GLCD_DisplayString)
    i.GLCD_DrawChar                          0x00000240   Section        0  glcd_spi_lpc1700.o(i.GLCD_DrawChar)
    i.GLCD_SetBackColor                      0x000002d8   Section        0  glcd_spi_lpc1700.o(i.GLCD_SetBackColor)
    i.GLCD_SetTextColor                      0x000002e4   Section        0  glcd_spi_lpc1700.o(i.GLCD_SetTextColor)
    i.SysTick_Handler                        0x000002f0   Section        0  irq.o(i.SysTick_Handler)
    i.__scatterload_null                     0x000002f2   Section        2  handlers.o(i.__scatterload_null)
    .ARM.__at_0x02FC                         0x000002fc   Section        4  startup_lpc17xx.o(.ARM.__at_0x02FC)
    i.GLCD_Init                              0x00000300   Section        0  glcd_spi_lpc1700.o(i.GLCD_Init)
    i.GLCD_SetWindow                         0x000008b8   Section        0  glcd_spi_lpc1700.o(i.GLCD_SetWindow)
    i.GLCD_WindowMax                         0x00000958   Section        0  glcd_spi_lpc1700.o(i.GLCD_WindowMax)
    i.KBD_Init                               0x00000968   Section        0  kbd.o(i.KBD_Init)
    i.KBD_get                                0x00000998   Section        0  kbd.o(i.KBD_get)
    i.LED_Init                               0x000009a8   Section        0  led.o(i.LED_Init)
    i.LED_Off                                0x000009d0   Section        0  led.o(i.LED_Off)
    i.LED_On                                 0x000009f4   Section        0  led.o(i.LED_On)
    i.LED_Out                                0x00000a18   Section        0  led.o(i.LED_Out)
    i.SystemInit                             0x00000a40   Section        0  system_lpc17xx.o(i.SystemInit)
    i.__scatterload_copy                     0x00000af8   Section       14  handlers.o(i.__scatterload_copy)
    i.__scatterload_zeroinit                 0x00000b06   Section       14  handlers.o(i.__scatterload_zeroinit)
    i.delay                                  0x00000b14   Section        0  glcd_spi_lpc1700.o(i.delay)
    delay                                    0x00000b15   Thumb Code    10  glcd_spi_lpc1700.o(i.delay)
    i.get_button                             0x00000b1e   Section        0  kbd.o(i.get_button)
    i.main                                   0x00000b2c   Section        0  blinky.o(i.main)
    i.rd_id_man                              0x00000c98   Section        0  glcd_spi_lpc1700.o(i.rd_id_man)
    rd_id_man                                0x00000c99   Thumb Code   104  glcd_spi_lpc1700.o(i.rd_id_man)
    i.rd_reg                                 0x00000d08   Section        0  glcd_spi_lpc1700.o(i.rd_reg)
    rd_reg                                   0x00000d09   Thumb Code    50  glcd_spi_lpc1700.o(i.rd_reg)
    i.spi_tran                               0x00000d40   Section        0  glcd_spi_lpc1700.o(i.spi_tran)
    spi_tran                                 0x00000d41   Thumb Code    16  glcd_spi_lpc1700.o(i.spi_tran)
    i.spi_tran_man                           0x00000d54   Section        0  glcd_spi_lpc1700.o(i.spi_tran_man)
    spi_tran_man                             0x00000d55   Thumb Code   116  glcd_spi_lpc1700.o(i.spi_tran_man)
    i.wr_cmd                                 0x00000dcc   Section        0  glcd_spi_lpc1700.o(i.wr_cmd)
    wr_cmd                                   0x00000dcd   Thumb Code    32  glcd_spi_lpc1700.o(i.wr_cmd)
    i.wr_dat                                 0x00000df0   Section        0  glcd_spi_lpc1700.o(i.wr_dat)
    wr_dat                                   0x00000df1   Thumb Code    32  glcd_spi_lpc1700.o(i.wr_dat)
    i.wr_dat_only                            0x00000e14   Section        0  glcd_spi_lpc1700.o(i.wr_dat_only)
    wr_dat_only                              0x00000e15   Thumb Code    20  glcd_spi_lpc1700.o(i.wr_dat_only)
    i.wr_dat_start                           0x00000e28   Section        0  glcd_spi_lpc1700.o(i.wr_dat_start)
    wr_dat_start                             0x00000e29   Thumb Code    12  glcd_spi_lpc1700.o(i.wr_dat_start)
    i.wr_reg                                 0x00000e38   Section        0  glcd_spi_lpc1700.o(i.wr_reg)
    wr_reg                                   0x00000e39   Thumb Code    18  glcd_spi_lpc1700.o(i.wr_reg)
    .constdata                               0x00000e4a   Section     6272  glcd_spi_lpc1700.o(.constdata)
    .constdata                               0x000026cc   Section       32  led.o(.constdata)
    .data                                    0x10000000   Section        6  glcd_spi_lpc1700.o(.data)
    Himax                                    0x10000000   Data           1  glcd_spi_lpc1700.o(.data)
    Color                                    0x10000002   Data           4  glcd_spi_lpc1700.o(.data)
    .data                                    0x10000006   Section        4  adc_mcb1700.o(.data)
    AD_done                                  0x10000006   Data           1  adc_mcb1700.o(.data)
    AD_last                                  0x10000008   Data           2  adc_mcb1700.o(.data)
    STACK                                    0x10000010   Section      512  startup_lpc17xx.o(STACK)

    Global Symbols

    Symbol Name                              Value     Ov Type        Size  Object(Section)

    BuildAttributes$$THM_ISAv4$P$D$K$B$S$PE$A:L22UL41UL21$X:L11$S22US41US21$IEEE1$IW$USESV6$~STKCKD$USESV7$~SHL$OSPACE$EBA8$MICROLIB$REQ8$PRES8$EABIv2 0x00000000   Number         0  anon$$obj.o ABSOLUTE
    __ARM_use_no_argv                        0x00000000   Number         0  blinky.o ABSOLUTE
    __Vectors                                0x00000000   Data           4  startup_lpc17xx.o(RESET)
    __cpp_initialize__aeabi_                  - Undefined Weak Reference
    __cxa_finalize                            - Undefined Weak Reference
    __decompress                              - Undefined Weak Reference
    _clock_init                               - Undefined Weak Reference
    _microlib_exit                            - Undefined Weak Reference
    __main                                   0x000000cd   Thumb Code     0  entry.o(.ARM.Collect$$$$00000000)
    _main_stk                                0x000000cd   Thumb Code     0  entry2.o(.ARM.Collect$$$$00000001)
    _main_scatterload                        0x000000d1   Thumb Code     0  entry5.o(.ARM.Collect$$$$00000004)
    __main_after_scatterload                 0x000000d5   Thumb Code     0  entry5.o(.ARM.Collect$$$$00000004)
    _main_clock                              0x000000d5   Thumb Code     0  entry7b.o(.ARM.Collect$$$$00000008)
    _main_cpp_init                           0x000000d5   Thumb Code     0  entry8b.o(.ARM.Collect$$$$0000000A)
    _main_init                               0x000000d5   Thumb Code     0  entry9a.o(.ARM.Collect$$$$0000000B)
    __rt_final_cpp                           0x000000dd   Thumb Code     0  entry10a.o(.ARM.Collect$$$$0000000D)
    __rt_final_exit                          0x000000dd   Thumb Code     0  entry11a.o(.ARM.Collect$$$$0000000F)
    Reset_Handler                            0x000000e1   Thumb Code     8  startup_lpc17xx.o(.text)
    NMI_Handler                              0x000000e9   Thumb Code     2  startup_lpc17xx.o(.text)
    HardFault_Handler                        0x000000eb   Thumb Code     2  startup_lpc17xx.o(.text)
    MemManage_Handler                        0x000000ed   Thumb Code     2  startup_lpc17xx.o(.text)
    BusFault_Handler                         0x000000ef   Thumb Code     2  startup_lpc17xx.o(.text)
    UsageFault_Handler                       0x000000f1   Thumb Code     2  startup_lpc17xx.o(.text)
    SVC_Handler                              0x000000f3   Thumb Code     2  startup_lpc17xx.o(.text)
    DebugMon_Handler                         0x000000f5   Thumb Code     2  startup_lpc17xx.o(.text)
    PendSV_Handler                           0x000000f7   Thumb Code     2  startup_lpc17xx.o(.text)
    BOD_IRQHandler                           0x000000fb   Thumb Code     0  startup_lpc17xx.o(.text)
    CANActivity_IRQHandler                   0x000000fb   Thumb Code     0  startup_lpc17xx.o(.text)
    CAN_IRQHandler                           0x000000fb   Thumb Code     0  startup_lpc17xx.o(.text)
    DMA_IRQHandler                           0x000000fb   Thumb Code     0  startup_lpc17xx.o(.text)
    EINT0_IRQHandler                         0x000000fb   Thumb Code     0  startup_lpc17xx.o(.text)
    EINT1_IRQHandler                         0x000000fb   Thumb Code     0  startup_lpc17xx.o(.text)
    EINT2_IRQHandler                         0x000000fb   Thumb Code     0  startup_lpc17xx.o(.text)
    EINT3_IRQHandler                         0x000000fb   Thumb Code     0  startup_lpc17xx.o(.text)
    ENET_IRQHandler                          0x000000fb   Thumb Code     0  startup_lpc17xx.o(.text)
    I2C0_IRQHandler                          0x000000fb   Thumb Code     0  startup_lpc17xx.o(.text)
    I2C1_IRQHandler                          0x000000fb   Thumb Code     0  startup_lpc17xx.o(.text)
    I2C2_IRQHandler                          0x000000fb   Thumb Code     0  startup_lpc17xx.o(.text)
    I2S_IRQHandler                           0x000000fb   Thumb Code     0  startup_lpc17xx.o(.text)
    MCPWM_IRQHandler                         0x000000fb   Thumb Code     0  startup_lpc17xx.o(.text)
    PLL0_IRQHandler                          0x000000fb   Thumb Code     0  startup_lpc17xx.o(.text)
    PLL1_IRQHandler                          0x000000fb   Thumb Code     0  startup_lpc17xx.o(.text)
    PWM1_IRQHandler                          0x000000fb   Thumb Code     0  startup_lpc17xx.o(.text)
    QEI_IRQHandler                           0x000000fb   Thumb Code     0  startup_lpc17xx.o(.text)
    RIT_IRQHandler                           0x000000fb   Thumb Code     0  startup_lpc17xx.o(.text)
    RTC_IRQHandler                           0x000000fb   Thumb Code     0  startup_lpc17xx.o(.text)
    SPI_IRQHandler                           0x000000fb   Thumb Code     0  startup_lpc17xx.o(.text)
    SSP0_IRQHandler                          0x000000fb   Thumb Code     0  startup_lpc17xx.o(.text)
    SSP1_IRQHandler                          0x000000fb   Thumb Code     0  startup_lpc17xx.o(.text)
    TIMER0_IRQHandler                        0x000000fb   Thumb Code     0  startup_lpc17xx.o(.text)
    TIMER1_IRQHandler                        0x000000fb   Thumb Code     0  startup_lpc17xx.o(.text)
    TIMER2_IRQHandler                        0x000000fb   Thumb Code     0  startup_lpc17xx.o(.text)
    TIMER3_IRQHandler                        0x000000fb   Thumb Code     0  startup_lpc17xx.o(.text)
    UART0_IRQHandler                         0x000000fb   Thumb Code     0  startup_lpc17xx.o(.text)
    UART1_IRQHandler                         0x000000fb   Thumb Code     0  startup_lpc17xx.o(.text)
    UART2_IRQHandler                         0x000000fb   Thumb Code     0  startup_lpc17xx.o(.text)
    UART3_IRQHandler                         0x000000fb   Thumb Code     0  startup_lpc17xx.o(.text)
    USBActivity_IRQHandler                   0x000000fb   Thumb Code     0  startup_lpc17xx.o(.text)
    USB_IRQHandler                           0x000000fb   Thumb Code     0  startup_lpc17xx.o(.text)
    WDT_IRQHandler                           0x000000fb   Thumb Code     0  startup_lpc17xx.o(.text)
    __scatterload                            0x00000105   Thumb Code    28  init.o(.text)
    __scatterload_rt2                        0x00000105   Thumb Code     0  init.o(.text)
    ADC_IRQHandler                           0x00000129   Thumb Code    24  adc_mcb1700.o(i.ADC_IRQHandler)
    GLCD_Clear                               0x00000149   Thumb Code    44  glcd_spi_lpc1700.o(i.GLCD_Clear)
    GLCD_ClearLn                             0x00000179   Thumb Code    76  glcd_spi_lpc1700.o(i.GLCD_ClearLn)
    GLCD_DisplayChar                         0x000001c5   Thumb Code    74  glcd_spi_lpc1700.o(i.GLCD_DisplayChar)
    GLCD_DisplayString                       0x00000219   Thumb Code    38  glcd_spi_lpc1700.o(i.GLCD_DisplayString)
    GLCD_DrawChar                            0x00000241   Thumb Code   142  glcd_spi_lpc1700.o(i.GLCD_DrawChar)
    GLCD_SetBackColor                        0x000002d9   Thumb Code     6  glcd_spi_lpc1700.o(i.GLCD_SetBackColor)
    GLCD_SetTextColor                        0x000002e5   Thumb Code     6  glcd_spi_lpc1700.o(i.GLCD_SetTextColor)
    SysTick_Handler                          0x000002f1   Thumb Code     2  irq.o(i.SysTick_Handler)
    __scatterload_null                       0x000002f3   Thumb Code     2  handlers.o(i.__scatterload_null)
    GLCD_Init                                0x00000301   Thumb Code  1462  glcd_spi_lpc1700.o(i.GLCD_Init)
    GLCD_SetWindow                           0x000008b9   Thumb Code   156  glcd_spi_lpc1700.o(i.GLCD_SetWindow)
    GLCD_WindowMax                           0x00000959   Thumb Code    14  glcd_spi_lpc1700.o(i.GLCD_WindowMax)
    KBD_Init                                 0x00000969   Thumb Code    32  kbd.o(i.KBD_Init)
    KBD_get                                  0x00000999   Thumb Code    12  kbd.o(i.KBD_get)
    LED_Init                                 0x000009a9   Thumb Code    30  led.o(i.LED_Init)
    LED_Off                                  0x000009d1   Thumb Code    28  led.o(i.LED_Off)
    LED_On                                   0x000009f5   Thumb Code    28  led.o(i.LED_On)
    LED_Out                                  0x00000a19   Thumb Code    38  led.o(i.LED_Out)
    SystemInit                               0x00000a41   Thumb Code   172  system_lpc17xx.o(i.SystemInit)
    __scatterload_copy                       0x00000af9   Thumb Code    14  handlers.o(i.__scatterload_copy)
    __scatterload_zeroinit                   0x00000b07   Thumb Code    14  handlers.o(i.__scatterload_zeroinit)
    get_button                               0x00000b1f   Thumb Code    14  kbd.o(i.get_button)
    main                                     0x00000b2d   Thumb Code   272  blinky.o(i.main)
    Font_6x8_h                               0x00000e4a   Data         896  glcd_spi_lpc1700.o(.constdata)
    Font_16x24_h                             0x000011ca   Data        5376  glcd_spi_lpc1700.o(.constdata)
    led_mask                                 0x000026cc   Data          32  led.o(.constdata)
    Region$$Table$$Base                      0x000026ec   Number         0  anon$$obj.o(Region$$Table)
    Region$$Table$$Limit                     0x0000270c   Number         0  anon$$obj.o(Region$$Table)
    __initial_sp                             0x10000210   Data           0  startup_lpc17xx.o(STACK)



==============================================================================

Memory Map of the image

  Image Entry point : 0x000000cd

  Load Region LR_IROM1 (Base: 0x00000000, Size: 0x00002718, Max: 0x00080000, ABSOLUTE)

    Execution Region ER_IROM1 (Exec base: 0x00000000, Load base: 0x00000000, Size: 0x0000270c, Max: 0x00080000, ABSOLUTE)

    Exec Addr    Load Addr    Size         Type   Attr      Idx    E Section Name        Object

    0x00000000   0x00000000   0x000000cc   Data   RO          562    RESET               startup_lpc17xx.o
    0x000000cc   0x000000cc   0x00000000   Code   RO          606  * .ARM.Collect$$$$00000000  mc_w.l(entry.o)
    0x000000cc   0x000000cc   0x00000004   Code   RO          617    .ARM.Collect$$$$00000001  mc_w.l(entry2.o)
    0x000000d0   0x000000d0   0x00000004   Code   RO          620    .ARM.Collect$$$$00000004  mc_w.l(entry5.o)
    0x000000d4   0x000000d4   0x00000000   Code   RO          622    .ARM.Collect$$$$00000008  mc_w.l(entry7b.o)
    0x000000d4   0x000000d4   0x00000000   Code   RO          624    .ARM.Collect$$$$0000000A  mc_w.l(entry8b.o)
    0x000000d4   0x000000d4   0x00000008   Code   RO          625    .ARM.Collect$$$$0000000B  mc_w.l(entry9a.o)
    0x000000dc   0x000000dc   0x00000000   Code   RO          627    .ARM.Collect$$$$0000000D  mc_w.l(entry10a.o)
    0x000000dc   0x000000dc   0x00000000   Code   RO          629    .ARM.Collect$$$$0000000F  mc_w.l(entry11a.o)
    0x000000dc   0x000000dc   0x00000004   Code   RO          618    .ARM.Collect$$$$00002712  mc_w.l(entry2.o)
    0x000000e0   0x000000e0   0x00000024   Code   RO          564    .text               startup_lpc17xx.o
    0x00000104   0x00000104   0x00000024   Code   RO          635    .text               mc_w.l(init.o)
    0x00000128   0x00000128   0x00000020   Code   RO          377    i.ADC_IRQHandler    adc_mcb1700.o
    0x00000148   0x00000148   0x00000030   Code   RO           77    i.GLCD_Clear        glcd_spi_lpc1700.o
    0x00000178   0x00000178   0x0000004c   Code   RO           78    i.GLCD_ClearLn      glcd_spi_lpc1700.o
    0x000001c4   0x000001c4   0x00000054   Code   RO           79    i.GLCD_DisplayChar  glcd_spi_lpc1700.o
    0x00000218   0x00000218   0x00000026   Code   RO           80    i.GLCD_DisplayString  glcd_spi_lpc1700.o
    0x0000023e   0x0000023e   0x00000002   PAD
    0x00000240   0x00000240   0x00000098   Code   RO           81    i.GLCD_DrawChar     glcd_spi_lpc1700.o
    0x000002d8   0x000002d8   0x0000000c   Code   RO           85    i.GLCD_SetBackColor  glcd_spi_lpc1700.o
    0x000002e4   0x000002e4   0x0000000c   Code   RO           86    i.GLCD_SetTextColor  glcd_spi_lpc1700.o
    0x000002f0   0x000002f0   0x00000002   Code   RO          256    i.SysTick_Handler   irq.o
    0x000002f2   0x000002f2   0x00000002   Code   RO          640    i.__scatterload_null  mc_w.l(handlers.o)
    0x000002f4   0x000002f4   0x00000008   PAD
    0x000002fc   0x000002fc   0x00000004   Code   RO          563    .ARM.__at_0x02FC    startup_lpc17xx.o
    0x00000300   0x00000300   0x000005b6   Code   RO           82    i.GLCD_Init         glcd_spi_lpc1700.o
    0x000008b6   0x000008b6   0x00000002   PAD
    0x000008b8   0x000008b8   0x000000a0   Code   RO           87    i.GLCD_SetWindow    glcd_spi_lpc1700.o
    0x00000958   0x00000958   0x0000000e   Code   RO           88    i.GLCD_WindowMax    glcd_spi_lpc1700.o
    0x00000966   0x00000966   0x00000002   PAD
    0x00000968   0x00000968   0x00000030   Code   RO          325    i.KBD_Init          kbd.o
    0x00000998   0x00000998   0x00000010   Code   RO          326    i.KBD_get           kbd.o
    0x000009a8   0x000009a8   0x00000028   Code   RO          280    i.LED_Init          led.o
    0x000009d0   0x000009d0   0x00000024   Code   RO          281    i.LED_Off           led.o
    0x000009f4   0x000009f4   0x00000024   Code   RO          282    i.LED_On            led.o
    0x00000a18   0x00000a18   0x00000026   Code   RO          283    i.LED_Out           led.o
    0x00000a3e   0x00000a3e   0x00000002   PAD
    0x00000a40   0x00000a40   0x000000b8   Code   RO          574    i.SystemInit        system_lpc17xx.o
    0x00000af8   0x00000af8   0x0000000e   Code   RO          639    i.__scatterload_copy  mc_w.l(handlers.o)
    0x00000b06   0x00000b06   0x0000000e   Code   RO          641    i.__scatterload_zeroinit  mc_w.l(handlers.o)
    0x00000b14   0x00000b14   0x0000000a   Code   RO           91    i.delay             glcd_spi_lpc1700.o
    0x00000b1e   0x00000b1e   0x0000000e   Code   RO          327    i.get_button        kbd.o
    0x00000b2c   0x00000b2c   0x0000016c   Code   RO            4    i.main              blinky.o
    0x00000c98   0x00000c98   0x00000070   Code   RO           92    i.rd_id_man         glcd_spi_lpc1700.o
    0x00000d08   0x00000d08   0x00000038   Code   RO           93    i.rd_reg            glcd_spi_lpc1700.o
    0x00000d40   0x00000d40   0x00000014   Code   RO           94    i.spi_tran          glcd_spi_lpc1700.o
    0x00000d54   0x00000d54   0x00000078   Code   RO           95    i.spi_tran_man      glcd_spi_lpc1700.o
    0x00000dcc   0x00000dcc   0x00000024   Code   RO           96    i.wr_cmd            glcd_spi_lpc1700.o
    0x00000df0   0x00000df0   0x00000024   Code   RO           97    i.wr_dat            glcd_spi_lpc1700.o
    0x00000e14   0x00000e14   0x00000014   Code   RO           98    i.wr_dat_only       glcd_spi_lpc1700.o
    0x00000e28   0x00000e28   0x00000010   Code   RO           99    i.wr_dat_start      glcd_spi_lpc1700.o
    0x00000e38   0x00000e38   0x00000012   Code   RO          100    i.wr_reg            glcd_spi_lpc1700.o
    0x00000e4a   0x00000e4a   0x00001880   Data   RO          101    .constdata          glcd_spi_lpc1700.o
    0x000026ca   0x000026ca   0x00000002   PAD
    0x000026cc   0x000026cc   0x00000020   Data   RO          284    .constdata          led.o
    0x000026ec   0x000026ec   0x00000020   Data   RO          637    Region$$Table       anon$$obj.o


    Execution Region RW_IRAM1 (Exec base: 0x10000000, Load base: 0x0000270c, Size: 0x00000210, Max: 0x00008000, ABSOLUTE)

    Exec Addr    Load Addr    Size         Type   Attr      Idx    E Section Name        Object

    0x10000000   0x0000270c   0x00000006   Data   RW          102    .data               glcd_spi_lpc1700.o
    0x10000006   0x00002712   0x00000004   Data   RW          382    .data               adc_mcb1700.o
    0x1000000a   0x00002716   0x00000006   PAD
    0x10000010        -       0x00000200   Zero   RW          560    STACK               startup_lpc17xx.o


==============================================================================

Image component sizes


      Code (inc. data)   RO Data    RW Data    ZI Data      Debug   Object Name

        32          8          0          4          0       2455   adc_mcb1700.o
       364         92          0          0          0       5207   blinky.o
      2502         94       6272          6          0      14380   glcd_spi_lpc1700.o
         2          0          0          0          0        390   irq.o
        78         20          0          0          0       1310   kbd.o
       150         26         32          0          0       2427   led.o
        40         12        204          0        512       1044   startup_lpc17xx.o
       184         12          0          0          0        605   system_lpc17xx.o

    ----------------------------------------------------------------------
      3360        264       6542         12        516      27818   Object Totals
         0          0         32          0          0          0   (incl. Generated)
         8          0          2          2          4          0   (incl. Padding)

    ----------------------------------------------------------------------

      Code (inc. data)   RO Data    RW Data    ZI Data      Debug   Library Member Name

         0          0          0          0          0          0   entry.o
         0          0          0          0          0          0   entry10a.o
         0          0          0          0          0          0   entry11a.o
         8          4          0          0          0          0   entry2.o
         4          0          0          0          0          0   entry5.o
         0          0          0          0          0          0   entry7b.o
         0          0          0          0          0          0   entry8b.o
         8          4          0          0          0          0   entry9a.o
        30          0          0          0          0          0   handlers.o
        36          8          0          0          0         68   init.o

    ----------------------------------------------------------------------
        94         16          0          0          0         68   Library Totals
         8          0          0          0          0          0   (incl. Padding)

    ----------------------------------------------------------------------

      Code (inc. data)   RO Data    RW Data    ZI Data      Debug   Library Name

        86         16          0          0          0         68   mc_w.l

    ----------------------------------------------------------------------
        94         16          0          0          0         68   Library Totals

    ----------------------------------------------------------------------

==============================================================================


      Code (inc. data)   RO Data    RW Data    ZI Data      Debug   

      3454        280       6542         12        516      26686   Grand Totals
      3454        280       6542         12        516      26686   ELF Image Totals
      3454        280       6542         12          0          0   ROM Totals

==============================================================================

    Total RO  Size (Code + RO Data)                 9996 (   9.76kB)
    Total RW  Size (RW Data + ZI Data)               528 (   0.52kB)
    Total ROM Size (Code + RO Data + RW Data)      10008 (   9.77kB)

==============================================================================

